error: invalid `cli_short` value '?': must be an ASCII alphanumeric character
 --> tests/ui/invalid_cli_short.rs:6:5
  |
6 |     field: String,
  |     ^^^^^

error[E0601]: `main` function not found in crate `$CRATE`
 --> tests/ui/invalid_cli_short.rs:7:2
  |
7 | }
  |  ^ consider adding a `main` function to `$DIR/tests/ui/invalid_cli_short.rs`
