error: unknown merge_strategy
 --> tests/ui/invalid_merge_strategy.rs:8:37
  |
8 |     #[ortho_config(merge_strategy = "bogus")]
  |                                     ^^^^^^^
